// Vitest Snapshot v1, https://vitest.dev/guide/snapshot.html

exports[`Theme Component > should match snapshot 1`] = `
{
  "MuiAlert": {
    "styleOverrides": {
      "filled": {
        "color": "#fff",
      },
      "filledError": {
        "background": "#C43117",
      },
      "filledInfo": {
        "background": "#0077AA",
      },
      "filledSuccess": {
        "background": "#348913",
      },
      "filledWarning": {
        "background": "#D8A900",
      },
      "outlinedError": {
        "border": "1px solid #ED966F",
        "color": "#8D0B0C",
      },
      "outlinedInfo": {
        "border": "1px solid #5BCEE5",
        "color": "#00457A",
      },
      "outlinedSuccess": {
        "border": "1px solid #99DB6A",
        "color": "#166209",
      },
      "outlinedWarning": {
        "border": "1px solid #F3DA61",
        "color": "#9B7200",
      },
      "root": {
        "borderRadius": "12px",
      },
    },
  },
  "MuiAlertTitle": {
    "styleOverrides": {
      "root": {
        "fontWeight": 600,
      },
    },
  },
  "MuiBackdrop": {
    "styleOverrides": {
      "root": {
        "&.modal-backdrop": {
          "backdropFilter": "blur(1px)",
          "backgroundImage": "linear-gradient(to bottom, rgba(52, 64, 84, 0.4), rgba(52, 64, 84, 0.6))",
        },
      },
    },
  },
  "MuiButton": {
    "defaultProps": {
      "disableRipple": true,
      "size": "md",
      "variant": "contained",
    },
    "styleOverrides": {
      "containedError": {
        ":disabled": {
          "background": "#F9C2A1",
          "color": "#fff",
        },
        ":focus": {
          "boxShadow": "0px 0px 0px 4px #FCE4CF",
        },
        ":hover": {
          "background": "#8D0B0C",
        },
        "background": "#A81B10",
        "color": "#fff",
      },
      "containedInfo": {
        ":disabled": {
          "background": "#93ECF6",
          "color": "#fff",
        },
        ":focus": {
          "boxShadow": "0px 0px 0px 4px #C8F9FA",
        },
        ":hover": {
          "background": "#00457A",
        },
        "background": "#005C92",
        "color": "#fff",
      },
      "containedInherit": {
        ":disabled": {
          "background": "#e7e5e4",
          "color": "#fff",
        },
        ":focus": {
          "boxShadow": "0px 0px 0px 4px #f5f5f4",
        },
        ":hover": {
          "background": "#44403c",
        },
        "background": "#57534e",
        "color": "#fff",
      },
      "containedPrimary": {
        ":disabled": {
          "background": "#CDB1F8",
          "color": "#fff",
        },
        ":focus": {
          "boxShadow": "0px 0px 0px 4px #E6D7FB",
        },
        ":hover": {
          "background": "#351B88",
        },
        "background": "#4828A3",
        "color": "#fff",
      },
      "containedSuccess": {
        ":disabled": {
          "background": "#C8F39F",
          "color": "#fff",
        },
        ":focus": {
          "boxShadow": "0px 0px 0px 4px #E5F9CE",
        },
        ":hover": {
          "background": "#166209",
        },
        "background": "#23750D",
        "color": "#fff",
      },
      "containedWarning": {
        ":disabled": {
          "background": "#FBEC96",
          "color": "#fff",
        },
        ":focus": {
          "boxShadow": "0px 0px 0px 4px #FDF6CA",
        },
        ":hover": {
          "background": "#9B7200",
        },
        "background": "#B98D00",
        "color": "#fff",
      },
      "root": {
        "& span.MuiCircularProgress-root": {
          "height": "24px !important",
          "width": "24px !important",
        },
        "&.MuiButton-size2xl": {
          "&[data-shape='icon']": {
            "& svg": {
              "width": "20px",
            },
            "height": "56px",
            "width": "56px",
          },
          "fontSize": "18px",
          "height": "60px",
          "padding": "16px 28px",
        },
        "&.MuiButton-sizeLg": {
          "&[data-shape='icon']": {
            "& svg": {
              "width": "17px",
            },
            "height": "44px",
            "width": "44px",
          },
          "fontSize": "16px",
          "height": "44px",
          "padding": "10px 18px",
        },
        "&.MuiButton-sizeMd": {
          "&[data-shape='icon']": {
            "& svg": {
              "width": "17px",
            },
            "height": "40px",
            "width": "40px",
          },
          "fontSize": "14px",
          "height": "40px",
          "padding": "10px 16px",
        },
        "&.MuiButton-sizeSm": {
          "&[data-shape='icon']": {
            "& svg": {
              "width": "17px",
            },
            "height": "36px",
            "width": "36px",
          },
          "fontSize": "14px",
          "height": "36px",
          "padding": "8px 14px",
        },
        "&.MuiButton-sizeXl": {
          "&[data-shape='icon']": {
            "& svg": {
              "width": "17px",
            },
            "height": "48px",
            "width": "48px",
          },
          "fontSize": "16px",
          "height": "48px",
          "padding": "12px 20px",
        },
        "&[data-shape='icon']": {
          "& span.MuiCircularProgress-root": {
            "height": "18px !important",
            "width": "18px !important",
          },
          "minWidth": "0px",
          "padding": "0px !important",
        },
        "borderRadius": "8px",
        "fontWeight": 600,
        "textTransform": "capitalize",
      },
      "textError": {
        ":disabled": {
          "background": "none",
          "color": "#ED966F",
        },
        ":focus": {
          "background": "#faeadc",
          "boxShadow": "0px 0px 0px 4px #FCE4CF",
        },
        ":hover": {
          "background": "#FCE4CF",
        },
        "background": "#faeadc",
      },
      "textInfo": {
        ":disabled": {
          "background": "none",
          "color": "#5BCEE5",
        },
        ":focus": {
          "background": "#d9fcfc",
          "boxShadow": "0px 0px 0px 4px #C8F9FA",
        },
        ":hover": {
          "background": "#C8F9FA",
        },
        "background": "#d9fcfc",
      },
      "textInherit": {
        ":disabled": {
          "background": "none",
          "color": "#d6d3d1",
        },
        ":focus": {
          "background": "#fafaf9",
          "boxShadow": "0px 0px 0px 4px #f5f5f4",
        },
        ":hover": {
          "background": "#f5f5f4",
        },
        "background": "#fafaf9",
      },
      "textPrimary": {
        ":disabled": {
          "background": "none",
          "color": "#AA87EB",
        },
        ":focus": {
          "background": "#f1e8fc",
          "boxShadow": "0px 0px 0px 4px #E6D7FB",
        },
        ":hover": {
          "background": "#E6D7FB",
        },
        "background": "#f1e8fc",
      },
      "textSuccess": {
        ":disabled": {
          "background": "none",
          "color": "#99DB6A",
        },
        ":focus": {
          "background": "#effce1",
          "boxShadow": "0px 0px 0px 4px #E5F9CE",
        },
        ":hover": {
          "background": "#E5F9CE",
        },
        "background": "#effce1",
      },
      "textWarning": {
        ":disabled": {
          "background": "none",
          "color": "#F3DA61",
        },
        ":focus": {
          "background": "#fcf8dc",
          "boxShadow": "0px 0px 0px 4px #FDF6CA",
        },
        ":hover": {
          "background": "#FDF6CA",
        },
        "background": "#fcf8dc",
      },
    },
  },
  "MuiCard": {
    "styleOverrides": {
      "root": {
        "boxShadow": "0px 12px 16px -4px rgba(16, 24, 40, 0.08), 0px 4px 6px -2px rgba(16, 24, 40, 0.03)",
        "padding": "20px 16px",
      },
    },
  },
  "MuiChip": {
    "styleOverrides": {
      "colorError": {
        "&.MuiChip-filled": {
          "background": "#faeadc",
          "color": "#8D0B0C",
        },
        "&.MuiChip-outlined": {
          "borderColor": "#8D0B0C",
          "color": "#8D0B0C",
        },
      },
      "colorInfo": {
        "&.MuiChip-filled": {
          "background": "#d9fcfc",
          "color": "#00457A",
        },
        "&.MuiChip-outlined": {
          "borderColor": "#00457A",
          "color": "#00457A",
        },
      },
      "colorSuccess": {
        "&.MuiChip-filled": {
          "background": "#effce1",
          "color": "#166209",
        },
        "&.MuiChip-outlined": {
          "borderColor": "#166209",
          "color": "#166209",
        },
      },
      "colorWarning": {
        "&.MuiChip-filled": {
          "background": "#fcf8dc",
          "color": "#9B7200",
        },
        "&.MuiChip-outlined": {
          "borderColor": "#9B7200",
          "color": "#9B7200",
        },
      },
      "filled": {
        "background": "#f5f5f4",
        "color": "#44403c",
      },
      "filledPrimary": {
        "background": "#f1e8fc",
        "color": "#351B88",
      },
      "outlined": {
        "borderColor": "#44403c",
        "borderWidth": "2px",
        "color": "#44403c",
      },
      "outlinedPrimary": {
        "borderColor": "#351B88",
        "color": "#351B88",
      },
      "sizeMedium": {
        "fontSize": "14px",
        "fontWeight": 500,
        "padding": "2px 0px",
      },
      "sizeSmall": {
        "fontSize": "12px",
      },
    },
  },
  "MuiCircularProgress": {
    "defaultProps": {
      "color": "inherit",
      "disableShrink": true,
    },
  },
  "MuiFormControl": {
    "defaultProps": {
      "fullWidth": true,
    },
    "styleOverrides": {
      "root": {
        "& .MuiFormHelperText-root": {
          "fontSize": "14px",
          "marginTop": "6px",
          "transform": "translate(-14px)",
        },
        "&.Mui-error": {
          "& fieldset,& fieldset:hover": {
            "border": "1px solid #ED966F",
          },
        },
        "marginTop": "16px",
      },
    },
  },
  "MuiFormControlLabel": {
    "styleOverrides": {
      "root": {
        "&.MuiFormControlLabel-label": {
          "fontWeight": 400,
        },
      },
    },
  },
  "MuiFormLabel": {
    "styleOverrides": {
      "root": {
        "& .MuiFormLabel-asterisk": {
          "color": "#DB6B4A",
        },
        "color": "inherit",
        "fontSize": "14px",
        "marginBottom": "4px",
      },
    },
  },
  "MuiInput": {
    "defaultProps": {
      "disableUnderline": true,
    },
    "styleOverrides": {
      "root": {
        "& svg.MuiSelect-icon": {
          "& polyline": {
            "strokeWidth": "20px",
          },
          "fontSize": "20px",
          "right": "12px",
        },
        "&.Mui-error": {
          "& svg": {
            "color": "#C43117",
          },
          "&.Mui-focused": {
            "border": "1px solid #ED966F",
            "boxShadow": "0px 0px 0px 3px #FCE4CF",
          },
          "border": "1px solid #ED966F",
        },
        "&.Mui-focused": {
          "border": "1px solid #AA87EB",
          "boxShadow": "0px 0px 0px 3px #E6D7FB",
        },
        "&.MuiInputBase-multiline": {
          "height": "auto",
        },
        "&::placeholder": {
          "color": "#78716c",
        },
        "&:not([datatype='select-input'])": {},
        "backgroundColor": "#fff",
        "border": "1px solid #d6d3d1",
        "borderRadius": "8px",
        "height": "40px",
        "padding": "8px 12px",
        "transition": ".25s",
        "width": "100%",
      },
    },
  },
  "MuiInputBase": {
    "styleOverrides": {
      "root": {
        "&[datatype='select-input']": {
          "marginTop": "0px",
        },
      },
    },
  },
  "MuiInputLabel": {
    "defaultProps": {
      "shrink": true,
    },
    "styleOverrides": {
      "root": {
        "& .MuiFormLabel-asterisk": {
          "color": "#DB6B4A",
        },
        "color": "inherit",
        "marginBottom": "4px",
      },
      "shrink": {
        "fontSize": "14px",
        "transform": "scale(1) translate(0px, -8px)",
      },
    },
  },
  "MuiModal": {
    "styleOverrides": {
      "root": {
        "& .btn-close": {
          "position": "absolute",
          "right": "12px",
          "top": "12px",
        },
        "& > .MuiBox-root": {
          "background": "#fff",
          "borderRadius": "12px",
          "boxShadow": "0px 24px 48px -12px rgba(16, 24, 40, 0.18)",
          "maxWidth": "900px",
          "minHeight": "100px",
          "minWidth": "320px",
          "outline": "none",
          "position": "relative",
          "width": "100%",
        },
        "alignItems": "center",
        "display": "flex",
        "justifyContent": "center",
      },
    },
  },
  "MuiPaginationItem": {
    "styleOverrides": {
      "root": {
        "&.Mui-selected": {
          "background": "#f1e8fc",
          "color": "#5F37BE",
          "fontWeight": 500,
          "pointerEvents": "none",
        },
      },
    },
  },
  "MuiPaper": {
    "styleOverrides": {
      "root": {
        "&.MuiCard-root": {
          "overflow": "initial",
        },
        "&.date-picker__paper": {
          "boxShadow": "0px 12px 16px -4px rgba(16, 24, 40, 0.08), 0px 4px 6px -2px rgba(16, 24, 40, 0.03)",
        },
        "&.select-dropdown": {
          "border": "1px solid #EAECF0",
          "borderRadius": "8px",
          "boxShadow": "0px 12px 16px -4px rgba(16, 24, 40, 0.08), 0px 4px 6px -2px rgba(16, 24, 40, 0.03)",
          "padding": "4px 10px",
        },
        "&.select-dropdown li.MuiMenuItem-root": {
          "&:active": {
            "backgroundColor": "#CDB1F8",
          },
          "borderRadius": "6px",
          "height": "44px",
          "padding": "0px 20px",
        },
        "&.select-dropdown li.MuiMenuItem-root[data-value=' ']": {
          "display": "none",
        },
        "&.select-dropdown ul": {
          "display": "flex",
          "flexDirection": "column",
          "gap": "4px",
        },
      },
    },
  },
  "MuiSelect": {
    "defaultProps": {
      "IconComponent": {
        "$$typeof": Symbol(react.forward_ref),
        "render": [Function],
      },
      "MenuProps": {
        "PaperProps": {
          "className": "select-dropdown",
        },
      },
      "datatype": "select-input",
      "disableUnderline": true,
      "variant": "standard",
    },
    "styleOverrides": {
      "standard": {
        ":focus": {
          "backgroundColor": "#fff",
        },
      },
    },
  },
  "MuiSnackbar": {
    "defaultProps": {
      "anchorOrigin": {
        "horizontal": "right",
        "vertical": "bottom",
      },
    },
    "styleOverrides": {
      "root": {
        "& .MuiPaper-root": {
          "background": "#fff",
          "color": "#44403c",
        },
      },
    },
  },
  "MuiTableBody": {
    "styleOverrides": {
      "root": {
        "& .MuiTableRow-root .MuiTableCell-root": {
          "color": "#44403c",
        },
        "& .MuiTableRow-root .MuiTableCell-root svg": {
          "width": "17px",
        },
        "&.hoverable .MuiTableRow-root:hover": {
          "& .MuiTableCell-root": {
            "color": "#1c1917",
          },
          "backgroundColor": "#d9fcfc",
          "cursor": "pointer",
        },
      },
    },
  },
  "MuiTableCell": {
    "styleOverrides": {
      "root": {
        "& .MuiIconButton-root.MuiButtonBase-root": {
          "& svg": {
            "color": "#78716c",
            "left": "50%",
            "position": "absolute",
            "top": "50%",
            "transform": "translate(-50%, -50%) scale(.9)",
          },
          "borderRadius": "4px",
          "height": "28px",
          "padding": "0",
          "width": "28px",
        },
        "& .MuiIconButton-root.MuiButtonBase-root:hover": {
          "& svg": {
            "color": "#0077AA",
          },
          "background": "#C8F9FA",
        },
        "& a": {
          "color": "#44403c",
        },
        "borderBottom": "1px solid #e7e5e4",
        "fontSize": "14px",
        "fontWeight": 500,
        "height": "54px",
        "padding": "0px 16px",
      },
    },
  },
  "MuiTableHead": {
    "styleOverrides": {
      "root": {
        "& .MuiTableRow-root .MuiTableCell-root": {
          "borderTop": "1px solid #e7e5e4",
          "color": "#44403c",
          "fontSize": "12px",
        },
      },
    },
  },
  "MuiTextField": {
    "styleOverrides": {
      "root": {
        "&.date-picker": {
          "& .MuiInputBase-root.MuiOutlinedInput-root": {
            "& button svg": {
              "& polyline": {
                "strokeWidth": "20px",
              },
              "fontSize": "20px",
              "marginRight": "6px",
            },
            "& input": {
              "paddingLeft": 0,
            },
            "&.Mui-focused": {
              "& fieldset,&:hover fieldset": {
                "border": "none",
              },
              "border": "1px solid #AA87EB",
              "boxShadow": "0px 0px 0px 3px #E6D7FB",
            },
            "&::placeholder": {
              "color": "#78716c",
            },
            "&:hover fieldset": {
              "border": "1px solid #d6d3d1",
            },
            "backgroundColor": "#fff",
            "borderRadius": "8px",
            "fontSize": "16px",
            "height": "40px",
            "padding": "8px 12px",
            "transition": ".25s",
            "width": "100%",
          },
        },
      },
    },
  },
  "MuiTooltip": {
    "defaultProps": {
      "arrow": true,
      "placement": "top",
    },
    "styleOverrides": {
      "arrow": {
        "color": "#fff",
      },
      "tooltip": {
        "background": "#fff",
        "borderRadius": "8px",
        "boxShadow": "0px 12px 16px -4px rgba(16, 24, 40, 0.08), 0px 4px 6px -2px rgba(16, 24, 40, 0.03)",
        "color": "#78716c",
        "padding": "8px 12px",
      },
    },
  },
}
`;
