// Vitest Snapshot v1, https://vitest.dev/guide/snapshot.html

exports[`Theme Palette > should match snapshot 1`] = `
{
  "error": {
    "dark": "#A81B10",
    "light": "#DB6B4A",
    "main": "#C43117",
  },
  "grey": {
    "100": "#f5f5f4",
    "200": "#e7e5e4",
    "300": "#d6d3d1",
    "400": "#a8a29e",
    "500": "#78716c",
    "600": "#57534e",
    "700": "#44403c",
    "800": "#292524",
    "900": "#1c1917",
  },
  "info": {
    "dark": "#005C92",
    "light": "#33A8CC",
    "main": "#0077AA",
  },
  "primary": {
    "dark": "#4828A3",
    "light": "#8A64D8",
    "main": "#5F37BE",
  },
  "success": {
    "dark": "#23750D",
    "light": "#6AB841",
    "main": "#348913",
  },
  "text": {
    "primary": "#44403c",
    "secondary": "#78716c",
  },
  "warning": {
    "dark": "#B98D00",
    "light": "#E7C539",
    "main": "#D8A900",
  },
}
`;
